array{0: Illuminate\Http\Resources\MergeValue<boolean(1), array{foo: string(bar)}>, 1: Illuminate\Http\Resources\MergeValue<boolean, array{foo: string(bar), id_inside: int}>, when?: array{0: string(wiw)}, item: InferTypesTest_SampleTwoJsonResource, item_make: InferTypesTest_SampleTwoJsonResource, items: Illuminate\Http\Resources\Json\AnonymousResourceCollection<InferTypesTest_SampleTwoJsonResource>, optional_when_new?: InferTypesTest_SampleTwoJsonResource, 2: Illuminate\Http\Resources\MergeValue<boolean, array{threads: array{0: Illuminate\Http\Resources\MergeValue<boolean, array{brand: InferTypesTest_SampleTwoJsonResource}>}}>, _test: int(1), with_doc: unknown, when_with_doc?: string(wiw), some: unknown, id: int, email: string}