type: object
properties:
    foo: { type: integer }
    bar: { type: [string, 'null'] }
required:
    - bar
