type: object
properties:
    - { type: string }
    - { type: string }
required:
    - '0'
    - '1'
