type: object
properties:
    foo: { type: integer }
    hey: { type: string, enum: [ho] }
    bar: { type: string, enum: [foo] }
required:
    - foo
    - bar
