-
    name: foo
    in: query
    required: true
    schema: { type: string, format: uuid }
