openapi: 3.1.0
info:
    title: Laravel
    version: 0.0.1
servers:
    - { url: 'http://localhost/api' }
paths:
    /test: { get: { tags: [ValidationRulesAndFormRequestAtTheSameTime_Test], parameters: [{ name: from_form_request, in: query, schema: { type: integer } }, { name: from_validate_call, in: query, required: true, schema: { type: string } }], responses: { 200: { description: '', content: { application/json: { schema: { type: string } } } } } } }
