-
    name: foo
    in: query
    schema: { type: object, properties: { id: { type: integer } } }
