-
    name: status
    in: query
    schema: { $ref: '#/components/schemas/StatusValidationEnum' }
