openapi: 3.1.0
info:
    title: Laravel
    version: 0.0.1
servers:
    - { url: 'http://localhost/api' }
paths:
    /test: { get: { tags: [ValidationRulesDocumenting_Test], parameters: [{ name: content, in: query, required: true, schema: { type: string, enum: [wow] } }], responses: { 200: { description: '`ValidationRulesDocumenting_TestResource`', content: { application/json: { schema: { type: object, properties: { data: { $ref: '#/components/schemas/ValidationRulesDocumenting_TestResource' } }, required: [data] } } } } } } }
components:
    schemas: { ValidationRulesDocumenting_TestResource: { type: object, properties: { id: { type: integer } }, required: [id], title: ValidationRulesDocumenting_TestResource } }
