-
    name: channels
    in: query
    schema: { type: object, properties: { publisher: { type: object, properties: { id: { type: integer } } } } }
